../Core/Src/main.c:62:5:_write	24	static
../Core/Src/main.c:78:5:main	16	static
../Core/Src/main.c:170:6:SystemClock_Config	88	static
../Core/Src/main.c:215:13:MX_NVIC_Init	8	static
../Core/Src/main.c:239:13:MX_TIM3_Init	64	static
../Core/Src/main.c:308:13:MX_TIM4_Init	64	static
../Core/Src/main.c:377:13:MX_TIM7_Init	16	static
../Core/Src/main.c:415:13:MX_USART3_UART_Init	8	static
../Core/Src/main.c:448:13:MX_GPIO_Init	48	static
../Core/Src/main.c:497:6:HAL_UART_RxCpltCallback	16	static
../Core/Src/main.c:511:6:HAL_TIM_PeriodElapseCallback	16	static
../Core/Src/main.c:519:6:HAL_GPIO_EXTI_Callback	16	static
../Core/Src/main.c:538:6:Error_Handler	4	static,ignoring_inline_asm
