../Core/Src/main.c:66:5:_write	24	static
../Core/Src/main.c:136:8:Set_Motor_Direction	16	static
../Core/Src/main.c:82:5:main	16	static
../Core/Src/main.c:198:6:SystemClock_Config	88	static
../Core/Src/main.c:243:13:MX_NVIC_Init	8	static
../Core/Src/main.c:267:13:MX_TIM3_Init	64	static
../Core/Src/main.c:336:13:MX_TIM4_Init	64	static
../Core/Src/main.c:405:13:MX_TIM5_Init	64	static
../Core/Src/main.c:464:13:MX_TIM7_Init	16	static
../Core/Src/main.c:502:13:MX_TIM10_Init	40	static
../Core/Src/main.c:548:13:MX_USART3_UART_Init	8	static
../Core/Src/main.c:581:13:MX_GPIO_Init	56	static
../Core/Src/main.c:641:6:HAL_UART_RxCpltCallback	16	static
../Core/Src/main.c:655:6:HAL_TIM_PeriodElapseCallback	16	static
../Core/Src/main.c:663:6:HAL_GPIO_EXTI_Callback	16	static
../Core/Src/main.c:682:6:Error_Handler	4	static,ignoring_inline_asm
